[tarik@tarik-manjaro airnode-node]$ yarn run build && yarn run dev:invoke
yarn run v1.22.19
$ yarn run clean && yarn run compile
$ rimraf -g *.tsbuildinfo ./dist ./build *.tgz
$ tsc --build tsconfig.json
Done in 8.87s.
yarn run v1.22.19
$ ts-node src/cli/validate-config.ts && ts-node src/cli/invoke.ts
[2024-06-09 19:27:50.898] INFO Created initial coordinator state                                                Coordinator-ID:6a01e25a552cd763
[2024-06-09 19:27:50.902] INFO Forking to initialize providers                                                  Coordinator-ID:6a01e25a552cd763
[2024-06-09 19:27:51.439] DEBUG Request ID:0x485e50cbbcacd78cb193580774b9ce3c50cac43647f4547768ebca9d84b33d09 (API call) has already been fulfilled Coordinator-ID:6a01e25a552cd763, Chain-ID:31337, Provider:base-sepolia-provider
[2024-06-09 19:27:51.440] INFO Pending requests: 1 API call(s), 0 withdrawal(s)                                 Coordinator-ID:6a01e25a552cd763, Chain-ID:31337, Provider:base-sepolia-provider
[2024-06-09 19:27:51.441] DEBUG Request:0x2a392c318cf8338e68dd5900f00c595fae35b2c289e656d8d3aa15268f7171d5 is not linked to a template Coordinator-ID:6a01e25a552cd763, Chain-ID:31337, Provider:base-sepolia-provider
[2024-06-09 19:27:51.441] DEBUG Request ID:0x2a392c318cf8338e68dd5900f00c595fae35b2c289e656d8d3aa15268f7171d5 is linked to a valid endpointId:0xb2813814d32461cc2939bf5dbc1500f21a37f686492eef4caee7f92bea5a7c30 Coordinator-ID:6a01e25a552cd763, Chain-ID:31337, Provider:base-sepolia-provider
[2024-06-09 19:27:51.456] DEBUG Request ID:0x2a392c318cf8338e68dd5900f00c595fae35b2c289e656d8d3aa15268f7171d5 is linked to a valid sponsor wallet:0xb623975c3DfEd6C828466F70e5B5ac4DEE9BE816 Coordinator-ID:6a01e25a552cd763, Chain-ID:31337, Provider:base-sepolia-provider
[2024-06-09 19:27:51.474] INFO Authorizing all requests because all authorizer arrays are empty                 Coordinator-ID:6a01e25a552cd763, Chain-ID:31337, Provider:base-sepolia-provider
[2024-06-09 19:27:51.474] DEBUG Requester:0xD2E32e3Fe5c3474C9A582204A1B983687Cf1Cf93 is authorized to access Endpoint ID:0xb2813814d32461cc2939bf5dbc1500f21a37f686492eef4caee7f92bea5a7c30 for Request ID:0x2a392c318cf8338e68dd5900f00c595fae35b2c289e656d8d3aa15268f7171d5 Coordinator-ID:6a01e25a552cd763, Chain-ID:31337, Provider:base-sepolia-provider
[2024-06-09 19:27:51.478] INFO Forking to initialize providers complete                                         Coordinator-ID:6a01e25a552cd763, Chain-ID:31337, Provider:base-sepolia-provider
[2024-06-09 19:27:51.478] INFO Initialized EVM provider:base-sepolia-provider                                   Coordinator-ID:6a01e25a552cd763, Chain-ID:31337, Provider:base-sepolia-provider
[2024-06-09 19:27:51.478] INFO Applying chain request limits                                                    Coordinator-ID:6a01e25a552cd763, Chain-ID:31337, Provider:base-sepolia-provider
[2024-06-09 19:27:51.480] INFO Applied chain request limits                                                     Coordinator-ID:6a01e25a552cd763, Chain-ID:31337, Provider:base-sepolia-provider
[2024-06-09 19:27:51.481] INFO Aggregated API calls                                                             Coordinator-ID:6a01e25a552cd763, Chain-ID:31337, Provider:base-sepolia-provider
[2024-06-09 19:27:51.519] INFO Processing 1 pending API call(s)...                                              Coordinator-ID:6a01e25a552cd763, Chain-ID:31337, Provider:base-sepolia-provider, Endpoint-ID:0xb2813814d32461cc2939bf5dbc1500f21a37f686492eef4caee7f92bea5a7c30
[2024-06-09 19:27:51.520] INFO API call to Endpoint:RNG uint256 responded successfully in 37ms                  Coordinator-ID:6a01e25a552cd763, Chain-ID:31337, Provider:base-sepolia-provider, Endpoint-ID:0xb2813814d32461cc2939bf5dbc1500f21a37f686492eef4caee7f92bea5a7c30
[2024-06-09 19:27:51.520] INFO Received 1 successful API call(s)                                                Coordinator-ID:6a01e25a552cd763, Chain-ID:31337, Provider:base-sepolia-provider, Endpoint-ID:0xb2813814d32461cc2939bf5dbc1500f21a37f686492eef4caee7f92bea5a7c30
[2024-06-09 19:27:51.520] INFO Received 0 errored API call(s)                                                   Coordinator-ID:6a01e25a552cd763, Chain-ID:31337, Provider:base-sepolia-provider, Endpoint-ID:0xb2813814d32461cc2939bf5dbc1500f21a37f686492eef4caee7f92bea5a7c30
[2024-06-09 19:27:51.543] INFO Executed API calls                                                               Coordinator-ID:6a01e25a552cd763, Chain-ID:31337, Provider:base-sepolia-provider, Endpoint-ID:0xb2813814d32461cc2939bf5dbc1500f21a37f686492eef4caee7f92bea5a7c30
[2024-06-09 19:27:51.544] INFO Disaggregated API calls                                                          Coordinator-ID:6a01e25a552cd763, Chain-ID:31337, Provider:base-sepolia-provider, Endpoint-ID:0xb2813814d32461cc2939bf5dbc1500f21a37f686492eef4caee7f92bea5a7c30
[2024-06-09 19:27:51.545] INFO Forking to submit transactions for EVM provider: base-sepolia-provider and sponsor: 0xD2E32e3Fe5c3474C9A582204A1B983687Cf1Cf93... Coordinator-ID:6a01e25a552cd763, Chain-ID:31337, Provider:base-sepolia-provider, Endpoint-ID:0xb2813814d32461cc2939bf5dbc1500f21a37f686492eef4caee7f92bea5a7c30
[2024-06-09 19:27:51.582] INFO Strategy (providerRecommendedGasPrice) gas price set to 1.200308774 gwei.        Coordinator-ID:6a01e25a552cd763, Chain-ID:31337, Provider:base-sepolia-provider, Endpoint-ID:0xb2813814d32461cc2939bf5dbc1500f21a37f686492eef4caee7f92bea5a7c30, Sponsor-Address:0xD2E32e3Fe5c3474C9A582204A1B983687Cf1Cf93
[2024-06-09 19:27:52.754] INFO saved trace dry run                                                              Coordinator-ID:6a01e25a552cd763, Chain-ID:31337, Provider:base-sepolia-provider, Endpoint-ID:0xb2813814d32461cc2939bf5dbc1500f21a37f686492eef4caee7f92bea5a7c30, Sponsor-Address:0xD2E32e3Fe5c3474C9A582204A1B983687Cf1Cf93
[2024-06-09 19:27:58.386] INFO                                                                                  Coordinator-ID:6a01e25a552cd763, Chain-ID:31337, Provider:base-sepolia-provider, Endpoint-ID:0xb2813814d32461cc2939bf5dbc1500f21a37f686492eef4caee7f92bea5a7c30, Sponsor-Address:0xD2E32e3Fe5c3474C9A582204A1B983687Cf1Cf93
[2024-06-09 19:27:58.386] INFO AirnodeRrp gas cost: 38936                                                       Coordinator-ID:6a01e25a552cd763, Chain-ID:31337, Provider:base-sepolia-provider, Endpoint-ID:0xb2813814d32461cc2939bf5dbc1500f21a37f686492eef4caee7f92bea5a7c30, Sponsor-Address:0xD2E32e3Fe5c3474C9A582204A1B983687Cf1Cf93
[2024-06-09 19:27:58.387] INFO Fulfillment call gas cost: 2773123                                               Coordinator-ID:6a01e25a552cd763, Chain-ID:31337, Provider:base-sepolia-provider, Endpoint-ID:0xb2813814d32461cc2939bf5dbc1500f21a37f686492eef4caee7f92bea5a7c30, Sponsor-Address:0xD2E32e3Fe5c3474C9A582204A1B983687Cf1Cf93
[2024-06-09 19:27:58.387] INFO Total cost: 2812059                                                              Coordinator-ID:6a01e25a552cd763, Chain-ID:31337, Provider:base-sepolia-provider, Endpoint-ID:0xb2813814d32461cc2939bf5dbc1500f21a37f686492eef4caee7f92bea5a7c30, Sponsor-Address:0xD2E32e3Fe5c3474C9A582204A1B983687Cf1Cf93
[2024-06-09 19:27:58.387] INFO                                                                                  Coordinator-ID:6a01e25a552cd763, Chain-ID:31337, Provider:base-sepolia-provider, Endpoint-ID:0xb2813814d32461cc2939bf5dbc1500f21a37f686492eef4caee7f92bea5a7c30, Sponsor-Address:0xD2E32e3Fe5c3474C9A582204A1B983687Cf1Cf93
[2024-06-09 19:28:23.511] INFO saved trace direct fulfill                                                       Coordinator-ID:6a01e25a552cd763, Chain-ID:31337, Provider:base-sepolia-provider, Endpoint-ID:0xb2813814d32461cc2939bf5dbc1500f21a37f686492eef4caee7f92bea5a7c30, Sponsor-Address:0xD2E32e3Fe5c3474C9A582204A1B983687Cf1Cf93
[2024-06-09 19:28:43.576] INFO saved trace airnode rrp fulfill call                                             Coordinator-ID:6a01e25a552cd763, Chain-ID:31337, Provider:base-sepolia-provider, Endpoint-ID:0xb2813814d32461cc2939bf5dbc1500f21a37f686492eef4caee7f92bea5a7c30, Sponsor-Address:0xD2E32e3Fe5c3474C9A582204A1B983687Cf1Cf93
[2024-06-09 19:29:07.714] INFO saved trace failed airnode rrp fulfill                                           Coordinator-ID:6a01e25a552cd763, Chain-ID:31337, Provider:base-sepolia-provider, Endpoint-ID:0xb2813814d32461cc2939bf5dbc1500f21a37f686492eef4caee7f92bea5a7c30, Sponsor-Address:0xD2E32e3Fe5c3474C9A582204A1B983687Cf1Cf93
[2024-06-09 19:29:08.706] DEBUG Attempting to estimate required gas to fulfill API call for Request:0x2a392c318cf8338e68dd5900f00c595fae35b2c289e656d8d3aa15268f7171d5... Coordinator-ID:6a01e25a552cd763, Chain-ID:31337, Provider:base-sepolia-provider, Endpoint-ID:0xb2813814d32461cc2939bf5dbc1500f21a37f686492eef4caee7f92bea5a7c30, Sponsor-Address:0xD2E32e3Fe5c3474C9A582204A1B983687Cf1Cf93
[2024-06-09 19:29:08.706] DEBUG Attempting to estimate AirnodeRrp overhead to fulfill API call for Request:0x2a392c318cf8338e68dd5900f00c595fae35b2c289e656d8d3aa15268f7171d5... Coordinator-ID:6a01e25a552cd763, Chain-ID:31337, Provider:base-sepolia-provider, Endpoint-ID:0xb2813814d32461cc2939bf5dbc1500f21a37f686492eef4caee7f92bea5a7c30, Sponsor-Address:0xD2E32e3Fe5c3474C9A582204A1B983687Cf1Cf93
[2024-06-09 19:29:08.706] DEBUG Attempting to estimate fulfillment call overhead to fulfill API call for Request:0x2a392c318cf8338e68dd5900f00c595fae35b2c289e656d8d3aa15268f7171d5... Coordinator-ID:6a01e25a552cd763, Chain-ID:31337, Provider:base-sepolia-provider, Endpoint-ID:0xb2813814d32461cc2939bf5dbc1500f21a37f686492eef4caee7f92bea5a7c30, Sponsor-Address:0xD2E32e3Fe5c3474C9A582204A1B983687Cf1Cf93
[2024-06-09 19:29:08.706] INFO Gas limit is set to 2812059 (AirnodeRrp: 38936 + Fulfillment Call: 2773123) for Request:0x2a392c318cf8338e68dd5900f00c595fae35b2c289e656d8d3aa15268f7171d5. Coordinator-ID:6a01e25a552cd763, Chain-ID:31337, Provider:base-sepolia-provider, Endpoint-ID:0xb2813814d32461cc2939bf5dbc1500f21a37f686492eef4caee7f92bea5a7c30, Sponsor-Address:0xD2E32e3Fe5c3474C9A582204A1B983687Cf1Cf93
[2024-06-09 19:29:08.706] INFO Submitting API call fulfillment for Request:0x2a392c318cf8338e68dd5900f00c595fae35b2c289e656d8d3aa15268f7171d5... Coordinator-ID:6a01e25a552cd763, Chain-ID:31337, Provider:base-sepolia-provider, Endpoint-ID:0xb2813814d32461cc2939bf5dbc1500f21a37f686492eef4caee7f92bea5a7c30, Sponsor-Address:0xD2E32e3Fe5c3474C9A582204A1B983687Cf1Cf93
[2024-06-09 19:29:08.706] INFO Transaction:0xd64b1d8f74288e953b34c2e998488cda71542ef4a9639ea52ff025607a77041f submitted for Request:0x2a392c318cf8338e68dd5900f00c595fae35b2c289e656d8d3aa15268f7171d5 Coordinator-ID:6a01e25a552cd763, Chain-ID:31337, Provider:base-sepolia-provider, Endpoint-ID:0xb2813814d32461cc2939bf5dbc1500f21a37f686492eef4caee7f92bea5a7c30, Sponsor-Address:0xD2E32e3Fe5c3474C9A582204A1B983687Cf1Cf93
[2024-06-09 19:29:08.720] INFO Forking to submit transactions complete                                          Coordinator-ID:6a01e25a552cd763, Chain-ID:31337, Provider:base-sepolia-provider, Endpoint-ID:0xb2813814d32461cc2939bf5dbc1500f21a37f686492eef4caee7f92bea5a7c30, Sponsor-Address:0xD2E32e3Fe5c3474C9A582204A1B983687Cf1Cf93
[2024-06-09 19:29:08.720] INFO Coordinator completed at 2024-06-09 19:29:08. Total time: 77823ms                Coordinator-ID:6a01e25a552cd763, Chain-ID:31337, Provider:base-sepolia-provider, Endpoint-ID:0xb2813814d32461cc2939bf5dbc1500f21a37f686492eef4caee7f92bea5a7c30, Sponsor-Address:0xD2E32e3Fe5c3474C9A582204A1B983687Cf1Cf93
Done in 88.66s.
